<html>
<body>
<pre>
<h1>µVision Build Log</h1>
<h2>Project:</h2>
F:\CX-2000\src\CX-2000\workspace\prj\BC.uvproj
Project File Date:  09/09/2019

<h2>Output:</h2>
Build target 'Scope'
compiling InterfaceScope.c...
..\..\source\InterfaceScope.c(758): warning:  #177-D: variable "i" was declared but never referenced
                UINT32 nCurTime, nTempTime, i;
..\..\source\InterfaceScope.c(1309): warning:  #940-D: missing return statement at end of non-void function "HW_Valve_On"
        }
..\..\source\InterfaceScope.c(1361): warning:  #940-D: missing return statement at end of non-void function "HW_Valve_Off"
        }               
..\..\source\InterfaceScope.c(1424): warning:  #940-D: missing return statement at end of non-void function "HW_PUMP_Pulse"
        }
..\..\source\InterfaceScope.c(2099): warning:  #177-D: variable "nData" was declared but never referenced
        UINT16 i, nData;
..\..\source\InterfaceScope.c: 5 warnings, 0 errors
linking...
Program Size: Code=123248 RO-data=5136 RW-data=348 ZI-data=84516  
FromELF: creating hex file...
"..\obj\CX-2000_SLA_V007.axf" - 0 Error(s), 5 Warning(s).
</pre>
</body>
</html>
ver.c(1200): warning:  #177-D: variable "nCh" was declared but never referenced
        UINT16 nCmd =0, nCh = 0x01;
..\..\config\driver.c: 2 warnings, 0 errors
linking...
Program Size: Code=123220 RO-data=5136 RW-data=348 ZI-data=84516  
FromELF: creating hex file...
"..\obj\CX-2000_SLA_V007.axf" - 0 Error(s), 7 Warning(s).
iling NetBufferCircle.c...
compiling SampleBufferCircle.c...
compiling InterruptBufferCircle.c...
compiling driver.c...
..\..\config\driver.c(204): warning:  #177-D: variable "NVIC_InitStructure" was declared but never referenced
        NVIC_InitTypeDef NVIC_InitStructure;
..\..\config\driver.c(1200): warning:  #177-D: variable "nCh" was declared but never referenced
        UINT16 nCmd =0, nCh = 0x01;
..\..\config\driver.c: 2 warnings, 0 errors
compiling ethernetif.c...
compiling netconf.c...
compiling stm32f4x7_eth_bsp.c...
compiling udp_echoserver.c...
linking...
Program Size: Code=123184 RO-data=5136 RW-data=348 ZI-data=84516  
FromELF: creating hex file...
"..\obj\CX-2000_SLA_V007.axf" - 0 Error(s), 8 Warning(s).
Load "..\\obj\\CX-2000_SLA_V007.axf" 
Erase Done.
Programming Done.
Verify OK.
Application running ...
